=== gold9e ayar
off {"acc": 0.5483, "hits": 159, "mcnemar": {}, "per_class": {"Fransızca": "63/100", "Arapça": "59/80", "Farsça": "20/50", "İtalyanca": "10/30", "Yunanca": "7/30"}, "errors": [["Fransızca->İtalyanca", 18], ["Farsça->Fransızca", 14], ["İtalyanca->Fransızca", 14], ["Yunanca->Fransızca", 13], ["Farsça->Arapça", 13], ["Arapça->Fransızca", 10], ["Fransızca->Arapça", 10], ["Yunanca->Arapça", 5]]}
h1 {"acc": 0.5828, "hits": 169, "mcnemar": {"test": "mcnemar", "statistic": 10.0, "p": 0.00195, "n": 10, "significant": true, "note": "yalnız A doğru: 10, yalnız B doğru: 0"}, "per_class": {"Fransızca": "73/100", "Arapça": "59/80", "Farsça": "20/50", "İtalyanca": "10/30", "Yunanca": "7/30"}, "errors": [["Farsça->Fransızca", 14], ["İtalyanca->Fransızca", 14], ["Yunanca->Fransızca", 13], ["Farsça->Arapça", 13], ["Arapça->Fransızca", 10], ["Fransızca->İtalyanca", 10], ["Fransızca->Arapça", 10], ["Yunanca->Arapça", 5]]}
h2 {"acc": 0.5793, "hits": 168, "mcnemar": {"test": "mcnemar", "statistic": 9.0, "p": 0.01172, "n": 11, "significant": true, "note": "yalnız A doğru: 10, yalnız B doğru: 1"}, "per_class": {"Fransızca": "73/100", "Arapça": "59/80", "Farsça": "20/50", "İtalyanca": "9/30", "Yunanca": "7/30"}, "errors": [["Farsça->Fransızca", 15], ["İtalyanca->Fransızca", 15], ["Yunanca->Fransızca", 14], ["Farsça->Arapça", 13], ["Arapça->Fransızca", 10], ["Fransızca->Arapça", 10], ["Fransızca->İtalyanca", 8], ["Yunanca->Arapça", 5]]}
h12 {"acc": 0.6, "hits": 174, "mcnemar": {"test": "mcnemar", "statistic": 15.0, "p": 0.00027, "n": 17, "significant": true, "note": "yalnız A doğru: 16, yalnız B doğru: 1"}, "per_class": {"Fransızca": "79/100", "Arapça": "59/80", "Farsça": "20/50", "İtalyanca": "9/30", "Yunanca": "7/30"}, "errors": [["Farsça->Fransızca", 15], ["İtalyanca->Fransızca", 15], ["Yunanca->Fransızca", 14], ["Farsça->Arapça", 13], ["Arapça->Fransızca", 10], ["Fransızca->Arapça", 10], ["Yunanca->Arapça", 5], ["Arapça->Yunanca", 4]]}
=== k2
{"n": 240, "blind_label_columns_nonnull": 0, "gloss_identical_blind_full": 240, "labels_identical_blind_full": 240, "gloss_with_language_hint": [["adenozin", "adenosine (a nucleoside derived from adenine and ribose, found in striated muscle tissue)"], ["diyaliz", "dialysis (artificial removal of waste products from the blood)"], ["noter", "notary public (an officer who can administer oaths and statutory declarations, witness and authenticate documents and perform certain other acts varying from jurisdiction to jurisdiction)"], ["sinyor", "signor (a courtesy title for a man of Italian origin)"]], "pass": true}
=== tr
off {"acc": 0.628, "hits": 184, "mcnemar": {}, "per_class": {"Fransızca": "59/92", "Arapça": "112/148", "Farsça": "10/32", "İtalyanca": "1/6", "Yunanca": "2/9"}, "errors": [["Arapça->Fransızca", 14], ["Fransızca->İtalyanca", 14], ["Fransızca->Arapça", 13], ["Farsça->Arapça", 9], ["Arapça->Farsça", 7], ["Arapça->Yunanca", 6], ["Farsça->Fransızca", 6], ["Arapça->İtalyanca", 5]]}
h1 {"acc": 0.6416, "hits": 188, "mcnemar": {"test": "mcnemar", "statistic": 4.0, "p": 0.125, "n": 4, "significant": false, "note": "yalnız A doğru: 4, yalnız B doğru: 0"}, "per_class": {"Fransızca": "63/92", "Arapça": "112/148", "Farsça": "10/32", "İtalyanca": "1/6", "Yunanca": "2/9"}, "errors": [["Arapça->Fransızca", 14], ["Fransızca->Arapça", 13], ["Fransızca->İtalyanca", 11], ["Farsça->Arapça", 9], ["Arapça->Farsça", 7], ["Arapça->Yunanca", 6], ["Farsça->Fransızca", 6], ["Arapça->İtalyanca", 5]]}
h2 {"acc": 0.6519, "hits": 191, "mcnemar": {"test": "mcnemar", "statistic": 7.0, "p": 0.03906, "n": 9, "significant": true, "note": "yalnız A doğru: 8, yalnız B doğru: 1"}, "per_class": {"Fransızca": "67/92", "Arapça": "112/148", "Farsça": "10/32", "İtalyanca": "0/6", "Yunanca": "2/9"}, "errors": [["Arapça->Fransızca", 15], ["Fransızca->Arapça", 13], ["Farsça->Arapça", 9], ["Arapça->Farsça", 7], ["Arapça->Yunanca", 6], ["Fransızca->İtalyanca", 6], ["Farsça->Fransızca", 6], ["diğer->Fransızca", 5]]}
h12 {"acc": 0.6587, "hits": 193, "mcnemar": {"test": "mcnemar", "statistic": 9.0, "p": 0.01172, "n": 11, "significant": true, "note": "yalnız A doğru: 10, yalnız B doğru: 1"}, "per_class": {"Fransızca": "69/92", "Arapça": "112/148", "Farsça": "10/32", "İtalyanca": "0/6", "Yunanca": "2/9"}, "errors": [["Arapça->Fransızca", 15], ["Fransızca->Arapça", 13], ["Farsça->Arapça", 9], ["Arapça->Farsça", 7], ["Arapça->Yunanca", 6], ["Farsça->Fransızca", 6], ["Fransızca->İtalyanca", 5], ["diğer->Fransızca", 5]]}
=== xt
off {'engine_trained': 0.7459}
h1 {'engine_trained': 0.7459}
h2 {'engine_trained': 0.7459}
h12 {'engine_trained': 0.7459}
=== saha
off {'zincir': 0.1977, 'yakınlık': 0.6659, 'yakınlık (tek havuz, eski)': 0.5864, 'motor': 0.7136, 'motor (tek havuz, eski)': 0.6523, 'motor|alıntı_dedi': 0.5955, 'çoğunluk': 0.575, 'motor|alıntı_dedi (değerlendirme yarısı)': 0.6318, 'motor (çift yarı)': 0.6909, 'motor (tek havuz, eski) (çift yarı)': 0.6364, 'motor (tek yarı)': 0.7364, 'motor (tek havuz, eski) (tek yarı)': 0.6682, 'yakınlık etiketi, kesin': 0.9026, 'yakınlık etiketi, belirsiz': 0.463}
h1 {'zincir': 0.1977, 'yakınlık': 0.6659, 'yakınlık (tek havuz, eski)': 0.5864, 'motor': 0.7136, 'motor (tek havuz, eski)': 0.6523, 'motor|alıntı_dedi': 0.5955, 'çoğunluk': 0.575, 'motor|alıntı_dedi (değerlendirme yarısı)': 0.6318, 'motor (çift yarı)': 0.6909, 'motor (tek havuz, eski) (çift yarı)': 0.6364, 'motor (tek yarı)': 0.7364, 'motor (tek havuz, eski) (tek yarı)': 0.6682, 'yakınlık etiketi, kesin': 0.9026, 'yakınlık etiketi, belirsiz': 0.463}
h2 {'zincir': 0.1977, 'yakınlık': 0.6659, 'yakınlık (tek havuz, eski)': 0.5864, 'motor': 0.7136, 'motor (tek havuz, eski)': 0.6523, 'motor|alıntı_dedi': 0.5955, 'çoğunluk': 0.575, 'motor|alıntı_dedi (değerlendirme yarısı)': 0.6318, 'motor (çift yarı)': 0.6909, 'motor (tek havuz, eski) (çift yarı)': 0.6364, 'motor (tek yarı)': 0.7364, 'motor (tek havuz, eski) (tek yarı)': 0.6682, 'yakınlık etiketi, kesin': 0.9026, 'yakınlık etiketi, belirsiz': 0.463}
h12 {'zincir': 0.1977, 'yakınlık': 0.6659, 'yakınlık (tek havuz, eski)': 0.5864, 'motor': 0.7136, 'motor (tek havuz, eski)': 0.6523, 'motor|alıntı_dedi': 0.5955, 'çoğunluk': 0.575, 'motor|alıntı_dedi (değerlendirme yarısı)': 0.6318, 'motor (çift yarı)': 0.6909, 'motor (tek havuz, eski) (çift yarı)': 0.6364, 'motor (tek yarı)': 0.7364, 'motor (tek havuz, eski) (tek yarı)': 0.6682, 'yakınlık etiketi, kesin': 0.9026, 'yakınlık etiketi, belirsiz': 0.463}
